{"ev":"pc_state","state":"connecting","t":1791025294408585888,"viewer":0}
{"ev":"pc_state","state":"connecting","t":1791025294411455273,"viewer":1}
{"ev":"watching","t":1791025294416040160}
{"ev":"pc_state","state":"connecting","t":1791025294416087392,"viewer":2}
{"ev":"pc_state","state":"connected","t":1791025294613431467,"viewer":0}
{"ev":"pc_state","state":"connected","t":1791025294614323218,"viewer":1}
{"ev":"pc_state","state":"connected","t":1791025294619805170,"viewer":2}
{"ev":"stall","last":1791025300371705806,"resume_pkt":1791025335690486846,"viewer":1}
{"ev":"resume_idr","resume_pkt":1791025335690486846,"t":1791025335692949909,"viewer":1}
{"ev":"stall","last":1791025300371684730,"resume_pkt":1791025335694924754,"viewer":2}
{"ev":"resume_idr","resume_pkt":1791025335694924754,"t":1791025335696140509,"viewer":2}
{"ev":"stall","last":1791025300371763439,"resume_pkt":1791025335698651244,"viewer":0}
{"ev":"resume_idr","resume_pkt":1791025335698651244,"t":1791025335703414742,"viewer":0}
{"ev":"stall","last":1791025343380393249,"resume_pkt":1791025378700421619,"viewer":2}
{"ev":"stall","last":1791025343380310130,"resume_pkt":1791025378700413182,"viewer":1}
{"ev":"stall","last":1791025343380613985,"resume_pkt":1791025378701357429,"viewer":0}
{"ev":"resume_idr","resume_pkt":1791025378700413182,"t":1791025378703470624,"viewer":1}
{"ev":"resume_idr","resume_pkt":1791025378701357429,"t":1791025378704252178,"viewer":0}
{"ev":"stall","last":1791025378704007277,"resume_pkt":1791025380683123318,"viewer":2}
{"ev":"resume_idr","resume_pkt":1791025380683123318,"t":1791025380684588412,"viewer":2}
