{"ev":"pc_state","state":"connecting","t":1791025232738337876,"viewer":0}
{"ev":"pc_state","state":"connecting","t":1791025232741108296,"viewer":1}
{"ev":"watching","t":1791025232745681064}
{"ev":"pc_state","state":"connecting","t":1791025232745744975,"viewer":2}
{"ev":"pc_state","state":"connected","t":1791025232942415376,"viewer":0}
{"ev":"pc_state","state":"connected","t":1791025232944708989,"viewer":1}
{"ev":"pc_state","state":"connected","t":1791025232949260470,"viewer":2}
{"ev":"stall","last":1791025238700019851,"resume_pkt":1791025248975549626,"viewer":2}
{"ev":"stall","last":1791025238700057363,"resume_pkt":1791025248975717502,"viewer":0}
{"ev":"stall","last":1791025238699977774,"resume_pkt":1791025248975771383,"viewer":1}
{"ev":"resume_idr","resume_pkt":1791025248975549626,"t":1791025248992347585,"viewer":2}
{"ev":"resume_idr","resume_pkt":1791025248975717502,"t":1791025248993921490,"viewer":0}
{"ev":"resume_idr","resume_pkt":1791025248975771383,"t":1791025248994143033,"viewer":1}
{"ev":"stall","last":1791025256708243299,"resume_pkt":1791025266993970444,"viewer":0}
{"ev":"stall","last":1791025256708161695,"resume_pkt":1791025266994076094,"viewer":1}
{"ev":"stall","last":1791025256708229198,"resume_pkt":1791025266994157025,"viewer":2}
{"ev":"resume_idr","resume_pkt":1791025266993970444,"t":1791025267016008221,"viewer":0}
{"ev":"resume_idr","resume_pkt":1791025266994157025,"t":1791025267016209063,"viewer":2}
{"ev":"resume_idr","resume_pkt":1791025266994076094,"t":1791025267016930141,"viewer":1}
{"ev":"stall","last":1791025274727110445,"resume_pkt":1791025285013394399,"viewer":2}
{"ev":"stall","last":1791025274727239952,"resume_pkt":1791025285013407152,"viewer":1}
{"ev":"stall","last":1791025274727686479,"resume_pkt":1791025285013501541,"viewer":0}
{"ev":"resume_idr","resume_pkt":1791025285013394399,"t":1791025285035747961,"viewer":2}
{"ev":"resume_idr","resume_pkt":1791025285013407152,"t":1791025285036718034,"viewer":1}
{"ev":"resume_idr","resume_pkt":1791025285013501541,"t":1791025285036794057,"viewer":0}
