{"ev":"pc_state","state":"connecting","t":1791025178692974960,"viewer":0}
{"ev":"pc_state","state":"connecting","t":1791025178695868990,"viewer":1}
{"ev":"watching","t":1791025178698409388}
{"ev":"pc_state","state":"connecting","t":1791025178698486140,"viewer":2}
{"ev":"pc_state","state":"connected","t":1791025178897376905,"viewer":0}
{"ev":"pc_state","state":"connected","t":1791025178902730932,"viewer":2}
{"ev":"pc_state","state":"connected","t":1791025179704516205,"viewer":1}
{"ev":"stall","last":1791025184654981774,"resume_pkt":1791025184943480523,"viewer":2}
{"ev":"stall","last":1791025184655017750,"resume_pkt":1791025184943578156,"viewer":1}
{"ev":"stall","last":1791025184655021579,"resume_pkt":1791025184943651723,"viewer":0}
{"ev":"resume_idr","resume_pkt":1791025184943651723,"t":1791025184962499322,"viewer":0}
{"ev":"resume_idr","resume_pkt":1791025184943480523,"t":1791025184963715636,"viewer":2}
{"ev":"resume_idr","resume_pkt":1791025184943578156,"t":1791025184964138693,"viewer":1}
{"ev":"stall","last":1791025192660431235,"resume_pkt":1791025192949920227,"viewer":2}
{"ev":"stall","last":1791025192660503006,"resume_pkt":1791025192949977162,"viewer":0}
{"ev":"stall","last":1791025192660463717,"resume_pkt":1791025192950559805,"viewer":1}
{"ev":"resume_idr","resume_pkt":1791025192949977162,"t":1791025192971384497,"viewer":0}
{"ev":"resume_idr","resume_pkt":1791025192950559805,"t":1791025192973179969,"viewer":1}
{"ev":"resume_idr","resume_pkt":1791025192949920227,"t":1791025192973504235,"viewer":2}
{"ev":"stall","last":1791025200683739930,"resume_pkt":1791025200961420909,"viewer":0}
{"ev":"stall","last":1791025200683539380,"resume_pkt":1791025200961455201,"viewer":1}
{"ev":"stall","last":1791025200683750075,"resume_pkt":1791025200961517840,"viewer":2}
{"ev":"resume_idr","resume_pkt":1791025200961455201,"t":1791025200981761611,"viewer":1}
{"ev":"resume_idr","resume_pkt":1791025200961517840,"t":1791025200981774230,"viewer":2}
{"ev":"resume_idr","resume_pkt":1791025200961420909,"t":1791025200981900415,"viewer":0}
{"ev":"stall","last":1791025208693809400,"resume_pkt":1791025208990255919,"viewer":1}
{"ev":"stall","last":1791025208693783592,"resume_pkt":1791025208990344138,"viewer":2}
{"ev":"stall","last":1791025208693758132,"resume_pkt":1791025208990387061,"viewer":0}
{"ev":"resume_idr","resume_pkt":1791025208990387061,"t":1791025209009293851,"viewer":0}
{"ev":"resume_idr","resume_pkt":1791025208990255919,"t":1791025209009775557,"viewer":1}
{"ev":"resume_idr","resume_pkt":1791025208990344138,"t":1791025209009953730,"viewer":2}
{"ev":"stall","last":1791025216723164676,"resume_pkt":1791025216997377477,"viewer":0}
{"ev":"stall","last":1791025216723448715,"resume_pkt":1791025216997392234,"viewer":2}
{"ev":"stall","last":1791025216723459607,"resume_pkt":1791025216997448250,"viewer":1}
{"ev":"resume_idr","resume_pkt":1791025216997448250,"t":1791025217018256531,"viewer":1}
{"ev":"resume_idr","resume_pkt":1791025216997392234,"t":1791025217018743690,"viewer":2}
{"ev":"resume_idr","resume_pkt":1791025216997377477,"t":1791025217018867268,"viewer":0}
